// Jest Snapshot v1, https://goo.gl/fbAQLP

exports[`Dialog renders correctly 1`] = `
<div>
  <button
    className="MuiButtonBase-root-33 MuiButton-root-7 MuiButton-text-9 MuiButton-flat-12 Component-bdetail-4"
    disabled={false}
    onBlur={[Function]}
    onClick={[Function]}
    onFocus={[Function]}
    onKeyDown={[Function]}
    onKeyUp={[Function]}
    onMouseDown={[Function]}
    onMouseLeave={[Function]}
    onMouseUp={[Function]}
    onTouchEnd={[Function]}
    onTouchMove={[Function]}
    onTouchStart={[Function]}
    tabIndex="0"
    type="button"
  >
    <span
      className="MuiButton-label-8"
    >
      Details
    </span>
    <span
      className="MuiTouchRipple-root-36"
    />
  </button>
</div>
`;
