// Jest Snapshot v1, https://goo.gl/fbAQLP

exports[`Text renders correctly 1`] = `
<p
  className="MuiTypography-root-5 MuiTypography-body1-14 Component-text-1 undefined undefined"
/>
`;

exports[`Text renders with custom class 1`] = `
<p
  className="MuiTypography-root-5 MuiTypography-body1-14 Component-text-1 undefined test"
/>
`;
