// Jest Snapshot v1, https://goo.gl/fbAQLP

exports[`Component renders correctly 1`] = `
<div>
  <div>
    <div
      className="MuiDrawer-docked-1"
    >
      <div
        className="MuiPaper-root-12 MuiPaper-elevation0-14 MuiDrawer-paper-2 MuiDrawer-paperAnchorLeft-3 MuiDrawer-paperAnchorDockedLeft-7"
      >
        <div />
        <div />
      </div>
    </div>
  </div>
  <div>
    <div
      className="MuiDrawer-docked-1"
    >
      <div
        className="MuiPaper-root-12 MuiPaper-elevation0-14 MuiDrawer-paper-2 MuiDrawer-paperAnchorLeft-3 MuiDrawer-paperAnchorDockedLeft-7"
      >
        <ul
          className="MuiList-root-39 MuiList-padding-40"
        />
      </div>
    </div>
  </div>
  <main />
</div>
`;

exports[`Component renders with snackbar 1`] = `
<div>
  <div>
    <div
      className="MuiDrawer-docked-1"
    >
      <div
        className="MuiPaper-root-12 MuiPaper-elevation0-14 MuiDrawer-paper-2 MuiDrawer-paperAnchorLeft-3 MuiDrawer-paperAnchorDockedLeft-7"
      >
        <div />
        <div />
      </div>
    </div>
  </div>
  <div>
    <div
      className="MuiDrawer-docked-1"
    >
      <div
        className="MuiPaper-root-12 MuiPaper-elevation0-14 MuiDrawer-paper-2 MuiDrawer-paperAnchorLeft-3 MuiDrawer-paperAnchorDockedLeft-7"
      >
        <ul
          className="MuiList-root-39 MuiList-padding-40"
        />
      </div>
    </div>
  </div>
  <main />
</div>
`;
