// Jest Snapshot v1, https://goo.gl/fbAQLP

exports[`ProductCard renders correctly 1`] = `
<div
  className="MuiCircularProgress-root-25 MuiCircularProgress-colorPrimary-28 MuiCircularProgress-indeterminate-27"
  role="progressbar"
  style={
    Object {
      "height": 40,
      "width": 40,
    }
  }
>
  <svg
    className="MuiCircularProgress-svg-30"
    viewBox="22 22 44 44"
  >
    <circle
      className="MuiCircularProgress-circle-31 MuiCircularProgress-circleIndeterminate-33"
      cx={44}
      cy={44}
      fill="none"
      r={20.2}
      strokeWidth={3.6}
      style={Object {}}
    />
  </svg>
</div>
`;

exports[`ProductCard renders with data member 1`] = `null`;

exports[`ProductCard renders with data stakeholder 1`] = `null`;

exports[`ProductCard renders with notif 1`] = `null`;

exports[`ProductCard renders without notif.member 1`] = `null`;
